exports[`Slide should mount successfully 1`] = `
".carousel-3d-slider(style=\'width: 362px; height: 272px;\')
  .carousel-3d-slide(style=\'border-width: 1px; width: 362px; height: 272px;\')
// 
"
`;

exports[`Slide should return style object when 3 slides are added to the slots 1`] = `
".carousel-3d-slider(style=\'width: 362px; height: 272px;\')
  .carousel-3d-slide(style=\'border-width: 1px; width: 362px; height: 272px;\')
  .carousel-3d-slide(style=\'border-width: 1px; width: 362px; height: 272px;\')
  .carousel-3d-slide(style=\'border-width: 1px; width: 362px; height: 272px;\')
// 
"
`;

exports[`Slide should unmount successfully 1`] = `
".carousel-3d-slider(style=\'width: 362px; height: 272px;\')
  .carousel-3d-slide(style=\'border-width: 1px; width: 362px; height: 272px;\')
// 
"
`;
